Missing JSDoc member for JSDoc inline link namepath `Abc`.

/a.js:3:18 → 3:20

[0m [90m 1 | [39m[90m/**[39m[0m
[0m [90m 2 | [39m[90m * Description.[39m[0m
[0m[31m[1m>[22m[39m[90m 3 | [39m[90m * [`Abc`]{@link Abc}[39m[0m
[0m [90m   | [39m                 [31m[1m^[22m[39m[31m[1m^[22m[39m[31m[1m^[22m[39m[0m
[0m [90m 4 | [39m[90m * @kind member[39m[0m
[0m [90m 5 | [39m[90m * @name A[39m[0m
[0m [90m 6 | [39m[90m */[39m[0m